[0.310s] Invoking command in '/home/curry/wilson_proj/ros2-rover-ws/build/package_rover_control': AMENT_PREFIX_PATH=/home/curry/wilson_proj/ros2-rover-ws/install/msgs_mainrocon:/home/curry/wilson_proj/ros2-rover-ws/install/msgs_rovercon:/home/curry/wilson_proj/ros2-rover-ws/install/action_interfaces:${AMENT_PREFIX_PATH} CMAKE_PREFIX_PATH=/home/curry/wilson_proj/ros2-rover-ws/install/msgs_mainrocon:/home/curry/wilson_proj/ros2-rover-ws/install/msgs_rovercon:/home/curry/wilson_proj/ros2-rover-ws/install/action_interfaces LD_LIBRARY_PATH=/home/curry/wilson_proj/ros2-rover-ws/install/msgs_mainrocon/lib:/home/curry/wilson_proj/ros2-rover-ws/install/msgs_rovercon/lib:/home/curry/wilson_proj/ros2-rover-ws/install/action_interfaces/lib:${LD_LIBRARY_PATH} PYTHONPATH=/home/curry/wilson_proj/ros2-rover-ws/install/msgs_mainrocon/local/lib/python3.10/dist-packages:/home/curry/wilson_proj/ros2-rover-ws/install/msgs_rovercon/local/lib/python3.10/dist-packages:/home/curry/wilson_proj/ros2-rover-ws/install/action_interfaces/lib/python3.10/site-packages:${PYTHONPATH} /usr/bin/cmake --build /home/curry/wilson_proj/ros2-rover-ws/build/package_rover_control -- -j4 -l4
[0.603s] -- Found ament_cmake: 1.3.11 (/opt/ros/humble/share/ament_cmake/cmake)
[3.027s] -- Found action_interfaces: 0.0.0 (/home/curry/wilson_proj/ros2-rover-ws/install/action_interfaces/share/action_interfaces/cmake)
[3.637s] -- Found rosidl_generator_c: 3.1.6 (/opt/ros/humble/share/rosidl_generator_c/cmake)
[3.739s] -- Found rosidl_adapter: 3.1.6 (/opt/ros/humble/share/rosidl_adapter/cmake)
[4.371s] -- Found rosidl_generator_cpp: 3.1.6 (/opt/ros/humble/share/rosidl_generator_cpp/cmake)
[4.561s] -- Using all available rosidl_typesupport_c: rosidl_typesupport_fastrtps_c;rosidl_typesupport_introspection_c
[4.735s] -- Using all available rosidl_typesupport_cpp: rosidl_typesupport_fastrtps_cpp;rosidl_typesupport_introspection_cpp
[5.411s] -- Found rclcpp: 16.0.11 (/opt/ros/humble/share/rclcpp/cmake)
[5.617s] -- Found rmw_implementation_cmake: 6.1.2 (/opt/ros/humble/share/rmw_implementation_cmake/cmake)
[5.628s] -- Found rmw_fastrtps_cpp: 6.2.7 (/opt/ros/humble/share/rmw_fastrtps_cpp/cmake)
[6.801s] -- Using RMW implementation 'rmw_fastrtps_cpp' as default
[7.175s] -- Found rclcpp_action: 16.0.11 (/opt/ros/humble/share/rclcpp_action/cmake)
[7.466s] -- Found rclcpp_components: 16.0.11 (/opt/ros/humble/share/rclcpp_components/cmake)
[8.279s] -- Found std_srvs: 4.2.4 (/opt/ros/humble/share/std_srvs/cmake)
[8.663s] -- Found msgs_rovercon: 0.0.0 (/home/curry/wilson_proj/ros2-rover-ws/install/msgs_rovercon/share/msgs_rovercon/cmake)
[9.170s] -- Found msgs_mainrocon: 0.0.0 (/home/curry/wilson_proj/ros2-rover-ws/install/msgs_mainrocon/share/msgs_mainrocon/cmake)
[9.661s] -- Found ament_lint_auto: 0.12.11 (/opt/ros/humble/share/ament_lint_auto/cmake)
[10.180s] Error parsing '/home/curry/wilson_proj/ros2-rover-ws/src/package_rover_control/package.xml':
[10.783s] Traceback (most recent call last):
[10.783s]   File "/usr/lib/python3/dist-packages/catkin_pkg/package.py", line 610, in parse_package_string
[10.797s]     root = dom.parseString(data)
[10.797s]   File "/usr/lib/python3.10/xml/dom/minidom.py", line 2000, in parseString
[10.808s]     return expatbuilder.parseString(string)
[10.809s]   File "/usr/lib/python3.10/xml/dom/expatbuilder.py", line 925, in parseString
[10.827s]     return builder.parseString(string)
[10.828s]   File "/usr/lib/python3.10/xml/dom/expatbuilder.py", line 223, in parseString
[10.830s]     parser.Parse(string, True)
[10.831s] xml.parsers.expat.ExpatError: mismatched tag: line 20, column 28
[10.832s] 
[10.834s] During handling of the above exception, another exception occurred:
[10.836s] 
[10.838s] Traceback (most recent call last):
[10.840s]   File "/opt/ros/humble/share/ament_cmake_core/cmake/core/package_xml_2_cmake.py", line 150, in <module>
[10.841s]     main()
[10.843s]   File "/opt/ros/humble/share/ament_cmake_core/cmake/core/package_xml_2_cmake.py", line 53, in main
[10.846s]     raise e
[10.847s]   File "/opt/ros/humble/share/ament_cmake_core/cmake/core/package_xml_2_cmake.py", line 49, in main
[10.849s]     package = parse_package_string(
[10.851s]   File "/usr/lib/python3/dist-packages/catkin_pkg/package.py", line 612, in parse_package_string
[10.854s]     raise InvalidPackage('The manifest contains invalid XML:\n%s' % ex, filename)
[10.856s] catkin_pkg.package.InvalidPackage: Error(s) in package '/home/curry/wilson_proj/ros2-rover-ws/src/package_rover_control/package.xml':
[10.857s] The manifest contains invalid XML:
[10.858s] mismatched tag: line 20, column 28
[10.977s] [31mCMake Error at /opt/ros/humble/share/ament_cmake_core/cmake/core/ament_package_xml.cmake:95 (message):
[10.980s]   execute_process(/usr/bin/python3
[10.980s]   /opt/ros/humble/share/ament_cmake_core/cmake/core/package_xml_2_cmake.py
[10.981s]   /home/curry/wilson_proj/ros2-rover-ws/src/package_rover_control/package.xml
[10.982s]   /home/curry/wilson_proj/ros2-rover-ws/build/package_rover_control/ament_cmake_core/package.cmake)
[10.989s]   returned error code 1
[10.990s] Call Stack (most recent call first):
[10.991s]   /opt/ros/humble/share/ament_cmake_core/cmake/core/ament_package_xml.cmake:49 (_ament_package_xml)
[10.991s]   /opt/ros/humble/share/ament_lint_auto/cmake/ament_lint_auto_find_test_dependencies.cmake:31 (ament_package_xml)
[10.992s]   CMakeLists.txt:85 (ament_lint_auto_find_test_dependencies)
[10.992s] 
[10.993s] [0m
[10.994s] -- Configuring incomplete, errors occurred!
[10.995s] See also "/home/curry/wilson_proj/ros2-rover-ws/build/package_rover_control/CMakeFiles/CMakeOutput.log".
[11.034s] gmake: *** [Makefile:349: cmake_check_build_system] Error 1
[11.046s] Invoked command in '/home/curry/wilson_proj/ros2-rover-ws/build/package_rover_control' returned '2': AMENT_PREFIX_PATH=/home/curry/wilson_proj/ros2-rover-ws/install/msgs_mainrocon:/home/curry/wilson_proj/ros2-rover-ws/install/msgs_rovercon:/home/curry/wilson_proj/ros2-rover-ws/install/action_interfaces:${AMENT_PREFIX_PATH} CMAKE_PREFIX_PATH=/home/curry/wilson_proj/ros2-rover-ws/install/msgs_mainrocon:/home/curry/wilson_proj/ros2-rover-ws/install/msgs_rovercon:/home/curry/wilson_proj/ros2-rover-ws/install/action_interfaces LD_LIBRARY_PATH=/home/curry/wilson_proj/ros2-rover-ws/install/msgs_mainrocon/lib:/home/curry/wilson_proj/ros2-rover-ws/install/msgs_rovercon/lib:/home/curry/wilson_proj/ros2-rover-ws/install/action_interfaces/lib:${LD_LIBRARY_PATH} PYTHONPATH=/home/curry/wilson_proj/ros2-rover-ws/install/msgs_mainrocon/local/lib/python3.10/dist-packages:/home/curry/wilson_proj/ros2-rover-ws/install/msgs_rovercon/local/lib/python3.10/dist-packages:/home/curry/wilson_proj/ros2-rover-ws/install/action_interfaces/lib/python3.10/site-packages:${PYTHONPATH} /usr/bin/cmake --build /home/curry/wilson_proj/ros2-rover-ws/build/package_rover_control -- -j4 -l4
